============================= test session starts =============================
platform win32 -- Python 3.12.7, pytest-7.4.4, pluggy-1.0.0 -- C:\Users\HP\anaconda3\python.exe
cachedir: .pytest_cache
rootdir: D:\openEnv
plugins: anyio-4.12.1
collecting ... collected 3 items

test_environment.py::TestIncidentEnvironment::test_grader_determinism FAILED [ 33%]
test_environment.py::TestIncidentEnvironment::test_reset_creates_deterministic_state PASSED [ 66%]
test_environment.py::TestIncidentEnvironment::test_step_returns_dense_reward FAILED [100%]

================================== FAILURES ===================================
_______________ TestIncidentEnvironment.test_grader_determinism _______________

self = <test_environment.TestIncidentEnvironment testMethod=test_grader_determinism>

    def test_grader_determinism(self):
        self.env.reset()
        # Submit generic/vague diagnosis
        action = IncidentAction(
            action_type="submit_diagnosis",
            target_service="",
            parameters={"diagnosis": "The system is broken, something crashed."}
        )
>       obs, reward, done = self.env.step(action)
E       ValueError: too many values to unpack (expected 3)

test_environment.py:45: ValueError
---------------------------- Captured stdout call -----------------------------
[START] episode_id=4eae8295-4d95-4e51-885d-693568cb2a84 scenario=SSL Certificate Expired difficulty=easy
[STEP] episode_id=4eae8295-4d95-4e51-885d-693568cb2a84 step=1 action=submit_diagnosis target=
[END] episode_id=4eae8295-4d95-4e51-885d-693568cb2a84 steps=1 reward=0.263 breakdown={'investigation': 0.0, 'diagnosis': 0.0432, 'remediation': 0.0, 'efficiency': 1.0, 'safety': 1.0} diagnosis_submitted=True
___________ TestIncidentEnvironment.test_step_returns_dense_reward ____________

self = <test_environment.TestIncidentEnvironment testMethod=test_step_returns_dense_reward>

    def test_step_returns_dense_reward(self):
        self.env.reset()
        # Test 1: Info gathering yields +0.05
        action = IncidentAction(action_type="check_logs", target_service="api-gateway", parameters={})
>       obs, reward, done = self.env.step(action)
E       ValueError: too many values to unpack (expected 3)

test_environment.py:27: ValueError
---------------------------- Captured stdout call -----------------------------
[START] episode_id=8584c61d-a711-46a2-a602-351a1af8a8c0 scenario=Connection Pool Exhaustion difficulty=easy
[STEP] episode_id=8584c61d-a711-46a2-a602-351a1af8a8c0 step=1 action=check_logs target=api-gateway
=========================== short test summary info ===========================
FAILED test_environment.py::TestIncidentEnvironment::test_grader_determinism
FAILED test_environment.py::TestIncidentEnvironment::test_step_returns_dense_reward
========================= 2 failed, 1 passed in 6.76s =========================
